[debug] [2026-10-04T01:51:53.937Z] ----------------------------------------------------------------------
[debug] [2026-10-04T01:51:53.939Z] Command:       /usr/bin/node-22 /home/tung/web hoc tu vung/node_modules/.bin/firebase deploy --only hosting
[debug] [2026-10-04T01:51:53.939Z] CLI Version:   15.32.1
[debug] [2026-10-04T01:51:53.939Z] Platform:      linux
[debug] [2026-10-04T01:51:53.939Z] Node Version:  v22.23.1
[debug] [2026-10-04T01:51:53.939Z] Detected Agent: antigravity
[debug] [2026-10-04T01:51:53.940Z] Time:          Sun Oct 04 2026 08:51:53 GMT+0700 (Giờ Đông Dương)
[debug] [2026-10-04T01:51:53.940Z] ----------------------------------------------------------------------
[debug] 
[debug] [2026-10-04T01:51:54.618Z] > command requires scopes: ["email","openid","https://www.googleapis.com/auth/cloudplatformprojects.readonly","https://www.googleapis.com/auth/firebase","https://www.googleapis.com/auth/cloud-platform"]
[debug] [2026-10-04T01:51:54.619Z] > authorizing via signed-in user (phamvantunghn2b@gmail.com)
[debug] [2026-10-04T01:51:54.619Z] [iam] checking project wordnest-english-vocab for permissions ["firebase.projects.get","firebasehosting.sites.update"]
[debug] [2026-10-04T01:51:54.633Z] Checked if tokens are valid: true, expires at: 1791079873295
[debug] [2026-10-04T01:51:54.633Z] Checked if tokens are valid: true, expires at: 1791079873295
[debug] [2026-10-04T01:51:54.634Z] >>> [apiv2][query] POST https://cloudresourcemanager.googleapis.com/v1/projects/wordnest-english-vocab:testIamPermissions [none]
[debug] [2026-10-04T01:51:54.634Z] >>> [apiv2][(partial)header] POST https://cloudresourcemanager.googleapis.com/v1/projects/wordnest-english-vocab:testIamPermissions  x-goog-user-project=wordnest-english-vocab
[debug] [2026-10-04T01:51:54.634Z] >>> [apiv2][body] POST https://cloudresourcemanager.googleapis.com/v1/projects/wordnest-english-vocab:testIamPermissions {"permissions":["firebase.projects.get","firebasehosting.sites.update"]}
[debug] [2026-10-04T01:51:56.069Z] <<< [apiv2][status] POST https://cloudresourcemanager.googleapis.com/v1/projects/wordnest-english-vocab:testIamPermissions 200
[debug] [2026-10-04T01:51:56.069Z] <<< [apiv2][body] POST https://cloudresourcemanager.googleapis.com/v1/projects/wordnest-english-vocab:testIamPermissions {"permissions":["firebase.projects.get","firebasehosting.sites.update"]}
[debug] [2026-10-04T01:51:56.070Z] Checked if tokens are valid: true, expires at: 1791079873295
[debug] [2026-10-04T01:51:56.070Z] Checked if tokens are valid: true, expires at: 1791079873295
[debug] [2026-10-04T01:51:56.070Z] >>> [apiv2][query] GET https://firebase.googleapis.com/v1beta1/projects/wordnest-english-vocab [none]
[debug] [2026-10-04T01:51:56.547Z] <<< [apiv2][status] GET https://firebase.googleapis.com/v1beta1/projects/wordnest-english-vocab 200
[debug] [2026-10-04T01:51:56.547Z] <<< [apiv2][body] GET https://firebase.googleapis.com/v1beta1/projects/wordnest-english-vocab {"projectId":"wordnest-english-vocab","projectNumber":"605822510451","displayName":"WordNest English Vocab","name":"projects/wordnest-english-vocab","resources":{"hostingSite":"wordnest-english-vocab"},"state":"ACTIVE","labels":{"firebase":"enabled"},"etag":"1_fbd05e7a-2219-4dc9-b3af-aa43c7038590"}
[info] 
[info] === Deploying to 'wordnest-english-vocab'...
[info] 
[info] i  deploying hosting 
[debug] [2026-10-04T01:51:56.552Z] Checked if tokens are valid: true, expires at: 1791079873295
[debug] [2026-10-04T01:51:56.552Z] Checked if tokens are valid: true, expires at: 1791079873295
[debug] [2026-10-04T01:51:56.552Z] >>> [apiv2][query] GET https://firebasehosting.googleapis.com/v1beta1/projects/wordnest-english-vocab/sites/wordnest-english-vocab [none]
